// Jest Snapshot v1, https://goo.gl/fbAQLP

exports[`Text Field  Component Renders correctly 1`] = `
<div>
  <WithStyles(ForwardRef(Dialog))
    aria-labelledby="customized-dialog-title"
    maxWidth={false}
    onClose={[Function]}
    open={true}
  >
    <DialogTitle
      buttonStyle="makeStyles-closeButton-2"
      onClose={[Function]}
    >
      test
    </DialogTitle>
    <WithStyles(ForwardRef(Divider)) />
    <WithStyles(ForwardRef(DialogContent))>
      <TextField
        customStyle={null}
        endAdorment={null}
        fullWidth={true}
        handleChange={null}
        helperText=""
        label="Filter Name"
        margin="none"
        multiline={false}
        name=""
        placeholder=""
        rows={1}
        rowsMax={1}
        value=""
        variant="outlined"
      />
    </WithStyles(ForwardRef(DialogContent))>
    <WithStyles(ForwardRef(DialogActions)) />
  </WithStyles(ForwardRef(Dialog))>
</div>
`;
